// Jest Snapshot v1, https://goo.gl/fbAQLP

exports[`App snapshot renders 1`] = `
<h1
  className="capitalize mt-3 text-3xl text-center text-red-500"
>
   
  Hello world!
   
</h1>
`;
